Modules list:
-------------
main.o:
    CODE              Offs=000000  Size=000028  Align=00001  Fill=0000
    RODATA            Offs=000000  Size=000013  Align=00001  Fill=0000
utils.o:
    CODE              Offs=000028  Size=000096  Align=00001  Fill=0000
acia.o:
    CODE              Offs=0000BE  Size=000048  Align=00001  Fill=0000
    ZEROPAGE          Offs=000000  Size=000001  Align=00001  Fill=0000
interrupts.o:
    CODE              Offs=000106  Size=00001C  Align=00001  Fill=0000
    ZEROPAGE          Offs=000001  Size=000001  Align=00001  Fill=0000
vectors.o:
    VECTORS           Offs=000000  Size=000006  Align=00001  Fill=0000
..\library\p65.lib(addeqsp.o):
    CODE              Offs=000122  Size=000011  Align=00001  Fill=0000
..\library\p65.lib(condes.o):
    CODE              Offs=000133  Size=00000C  Align=00001  Fill=0000
    DATA              Offs=000000  Size=000025  Align=00001  Fill=0000
    ONCE              Offs=000000  Size=00000C  Align=00001  Fill=0000
..\library\p65.lib(copydata.o):
    CODE              Offs=00013F  Size=00002D  Align=00001  Fill=0000
..\library\p65.lib(crt0.o):
    STARTUP           Offs=000000  Size=00001C  Align=00001  Fill=0000
..\library\p65.lib(incsp2.o):
    CODE              Offs=00016C  Size=000015  Align=00001  Fill=0000
..\library\p65.lib(ldaxsp.o):
    CODE              Offs=000181  Size=000009  Align=00001  Fill=0000
..\library\p65.lib(pushax.o):
    CODE              Offs=00018A  Size=00001A  Align=00001  Fill=0000
..\library\p65.lib(zerobss.o):
    CODE              Offs=0001A4  Size=000023  Align=00001  Fill=0000
..\library\p65.lib(zeropage.o):
    ZEROPAGE          Offs=000002  Size=00001A  Align=00001  Fill=0000


Segment list:
-------------
Name                   Start     End    Size  Align
----------------------------------------------------
ZEROPAGE              000000  00001B  00001C  00001
DATA                  000200  000224  000025  00001
STARTUP               006025  006040  00001C  00001
ONCE                  006041  00604C  00000C  00001
CODE                  00604D  006213  0001C7  00001
RODATA                006214  006226  000013  00001
VECTORS               007FFA  007FFF  000006  00001


Exports list by name:
---------------------
_IRQ_enable               006075 RLA    __BSS_RUN__               000225 RLA    
__BSS_SIZE__              000000 REA    __CONSTRUCTOR_COUNT__     000000 REA    
__CONSTRUCTOR_TABLE__     006041 RLA    __DATA_LOAD__             006000 RLA    
__DATA_RUN__              000200 RLA    __DATA_SIZE__             000025 REA    
__DESTRUCTOR_COUNT__      000000 REA    __DESTRUCTOR_TABLE__      006041 RLA    
__RAM_SIZE__              005DFF REA    __RAM_START__             000200 RLA    
__STARTUP__               000001 REA    _acia_getc                006148 RLA    
_acia_put_newline         006140 RLA    _acia_puts                006125 RLA    
_init                     006025 RLA    _irq_int                  006154 RLA    
_main                     00605C RLA    _nmi_int                  006153 RLA    
_str_a_to_x               0060E2 RLA    _timer_setup              00607D RLA    
addeq0sp                  00616F RLA    copydata                  00618C RLA    
donelib                   006180 RLA    incsp2                    0061C0 RLA    
initlib                   006041 RLA    lastirq                   000001 RLZ    
ldax0sp                   0061CE RLA    ptr1                      00000A RLZ    
ptr2                      00000C RLZ    push0                     0061D7 RLA    
pushax                    0061DB RLA    sp                        000002 RLZ    
tmp1                      000012 RLZ    zerobss                   0061F1 RLA    



Exports list by value:
----------------------
__CONSTRUCTOR_COUNT__     000000 REA    __DESTRUCTOR_COUNT__      000000 REA    
__BSS_SIZE__              000000 REA    __STARTUP__               000001 REA    
lastirq                   000001 RLZ    sp                        000002 RLZ    
ptr1                      00000A RLZ    ptr2                      00000C RLZ    
tmp1                      000012 RLZ    __DATA_SIZE__             000025 REA    
__RAM_START__             000200 RLA    __DATA_RUN__              000200 RLA    
__BSS_RUN__               000225 RLA    __RAM_SIZE__              005DFF REA    
__DATA_LOAD__             006000 RLA    _init                     006025 RLA    
__DESTRUCTOR_TABLE__      006041 RLA    __CONSTRUCTOR_TABLE__     006041 RLA    
initlib                   006041 RLA    _main                     00605C RLA    
_IRQ_enable               006075 RLA    _timer_setup              00607D RLA    
_str_a_to_x               0060E2 RLA    _acia_puts                006125 RLA    
_acia_put_newline         006140 RLA    _acia_getc                006148 RLA    
_nmi_int                  006153 RLA    _irq_int                  006154 RLA    
addeq0sp                  00616F RLA    donelib                   006180 RLA    
copydata                  00618C RLA    incsp2                    0061C0 RLA    
ldax0sp                   0061CE RLA    push0                     0061D7 RLA    
pushax                    0061DB RLA    zerobss                   0061F1 RLA    



Imports list:
-------------
_IRQ_enable (utils.o):
    main.o                    main.s(17)
__BSS_RUN__ ([linker generated]):
    zerobss.o                 common/zerobss.s(8)
__BSS_SIZE__ ([linker generated]):
    zerobss.o                 common/zerobss.s(8)
__CONSTRUCTOR_COUNT__ ([linker generated]):
    condes.o                  runtime/condes.s(18)
__CONSTRUCTOR_TABLE__ ([linker generated]):
    condes.o                  runtime/condes.s(18)
__DATA_LOAD__ ([linker generated]):
    copydata.o                common/copydata.s(8)
__DATA_RUN__ ([linker generated]):
    copydata.o                common/copydata.s(8)
__DATA_SIZE__ ([linker generated]):
    copydata.o                common/copydata.s(8)
__DESTRUCTOR_COUNT__ ([linker generated]):
    condes.o                  runtime/condes.s(19)
__DESTRUCTOR_TABLE__ ([linker generated]):
    condes.o                  runtime/condes.s(19)
__RAM_SIZE__ ([linker generated]):
    crt0.o                    .\src\crt0.s(11)
__RAM_START__ ([linker generated]):
    crt0.o                    .\src\crt0.s(11)
__STARTUP__ (crt0.o):
    main.o                    main.s(13)
_acia_getc (acia.o):
    utils.o                   utils.asm(140)
_acia_put_newline (acia.o):
    main.o                    main.s(15)
_acia_puts (acia.o):
    main.o                    main.s(14)
_init (crt0.o):
    vectors.o                 vectors.asm(7)
_irq_int (interrupts.o):
    vectors.o                 vectors.asm(9)
_main (main.o):
    crt0.o                    .\src\crt0.s(8)
_nmi_int (interrupts.o):
    vectors.o                 vectors.asm(8)
_str_a_to_x (utils.o):
    interrupts.o              interrupts.asm(11)
_timer_setup (utils.o):
    main.o                    main.s(16)
addeq0sp (addeqsp.o):
    main.o                    main.s(67)
copydata (copydata.o):
    crt0.o                    .\src\crt0.s(13)
donelib (condes.o):
    crt0.o                    .\src\crt0.s(13)
incsp2 (incsp2.o):
    main.o                    main.s(67)
initlib (condes.o):
    crt0.o                    .\src\crt0.s(13)
lastirq (interrupts.o):
    utils.o                   utils.asm(11)
ldax0sp (ldaxsp.o):
    main.o                    main.s(67)
ptr1 (zeropage.o):
    copydata.o                common/copydata.s(9)
    zerobss.o                 common/zerobss.s(9)
    acia.o                    acia.asm(9)
    utils.o                   utils.asm(12)
ptr2 (zeropage.o):
    copydata.o                common/copydata.s(9)
push0 (pushax.o):
    main.o                    main.s(67)
pushax (pushax.o):
    main.o                    main.s(67)
sp (zeropage.o):
    pushax.o                  runtime/pushax.s(8)
    ldaxsp.o                  runtime/ldaxsp.s(8)
    incsp2.o                  runtime/incsp2.s(8)
    crt0.o                    C:\cc65\asminc/zeropage.inc(11)
    addeqsp.o                 runtime/addeqsp.s(8)
tmp1 (zeropage.o):
    copydata.o                common/copydata.s(9)
zerobss (zerobss.o):
    crt0.o                    .\src\crt0.s(13)

